INSTRUMENTATION_STATUS: class=dev.petrov.ymplayer2.SkinPackageTest
INSTRUMENTATION_STATUS: current=1
INSTRUMENTATION_STATUS: id=AndroidJUnitRunner
INSTRUMENTATION_STATUS: numtests=22
INSTRUMENTATION_STATUS: stream=
dev.petrov.ymplayer2.SkinPackageTest:
INSTRUMENTATION_STATUS: test=unsafeArchivePathsUnusedFilesAndDuplicatesAreRejected
INSTRUMENTATION_STATUS_CODE: 1
INSTRUMENTATION_STATUS: class=dev.petrov.ymplayer2.SkinPackageTest
INSTRUMENTATION_STATUS: current=1
INSTRUMENTATION_STATUS: id=AndroidJUnitRunner
INSTRUMENTATION_STATUS: numtests=22
INSTRUMENTATION_STATUS: stream=.
INSTRUMENTATION_STATUS: test=unsafeArchivePathsUnusedFilesAndDuplicatesAreRejected
INSTRUMENTATION_STATUS_CODE: 0
INSTRUMENTATION_STATUS: class=dev.petrov.ymplayer2.SkinPackageTest
INSTRUMENTATION_STATUS: current=2
INSTRUMENTATION_STATUS: id=AndroidJUnitRunner
INSTRUMENTATION_STATUS: numtests=22
INSTRUMENTATION_STATUS: stream=
INSTRUMENTATION_STATUS: test=importPreviewApplyRestartCorruptionAndRemovalAreIsolated
INSTRUMENTATION_STATUS_CODE: 1
INSTRUMENTATION_STATUS: class=dev.petrov.ymplayer2.SkinPackageTest
INSTRUMENTATION_STATUS: current=2
INSTRUMENTATION_STATUS: id=AndroidJUnitRunner
INSTRUMENTATION_STATUS: numtests=22
INSTRUMENTATION_STATUS: stream=.
INSTRUMENTATION_STATUS: test=importPreviewApplyRestartCorruptionAndRemovalAreIsolated
INSTRUMENTATION_STATUS_CODE: 0
INSTRUMENTATION_STATUS: class=dev.petrov.ymplayer2.SkinPackageTest
INSTRUMENTATION_STATUS: current=3
INSTRUMENTATION_STATUS: id=AndroidJUnitRunner
INSTRUMENTATION_STATUS: numtests=22
INSTRUMENTATION_STATUS: stream=
INSTRUMENTATION_STATUS: test=compressedOversizeAndBadVectorAreRejected
INSTRUMENTATION_STATUS_CODE: 1
INSTRUMENTATION_STATUS: class=dev.petrov.ymplayer2.SkinPackageTest
INSTRUMENTATION_STATUS: current=3
INSTRUMENTATION_STATUS: id=AndroidJUnitRunner
INSTRUMENTATION_STATUS: numtests=22
INSTRUMENTATION_STATUS: stream=.
INSTRUMENTATION_STATUS: test=compressedOversizeAndBadVectorAreRejected
INSTRUMENTATION_STATUS_CODE: 0
INSTRUMENTATION_STATUS: class=dev.petrov.ymplayer2.SkinPackageTest
INSTRUMENTATION_STATUS: current=4
INSTRUMENTATION_STATUS: id=AndroidJUnitRunner
INSTRUMENTATION_STATUS: numtests=22
INSTRUMENTATION_STATUS: stream=
INSTRUMENTATION_STATUS: test=bundledThemesAreActualValidExternalPackages
INSTRUMENTATION_STATUS_CODE: 1
INSTRUMENTATION_STATUS: class=dev.petrov.ymplayer2.SkinPackageTest
INSTRUMENTATION_STATUS: current=4
INSTRUMENTATION_STATUS: id=AndroidJUnitRunner
INSTRUMENTATION_STATUS: numtests=22
INSTRUMENTATION_STATUS: stream=.
INSTRUMENTATION_STATUS: test=bundledThemesAreActualValidExternalPackages
INSTRUMENTATION_STATUS_CODE: 0
INSTRUMENTATION_STATUS: class=dev.petrov.ymplayer2.SkinPackageTest
INSTRUMENTATION_STATUS: current=5
INSTRUMENTATION_STATUS: id=AndroidJUnitRunner
INSTRUMENTATION_STATUS: numtests=22
INSTRUMENTATION_STATUS: stream=
INSTRUMENTATION_STATUS: test=incompatibleUnknownAndMalformedFieldsAreRejected
INSTRUMENTATION_STATUS_CODE: 1
INSTRUMENTATION_STATUS: class=dev.petrov.ymplayer2.SkinPackageTest
INSTRUMENTATION_STATUS: current=5
INSTRUMENTATION_STATUS: id=AndroidJUnitRunner
INSTRUMENTATION_STATUS: numtests=22
INSTRUMENTATION_STATUS: stream=.
INSTRUMENTATION_STATUS: test=incompatibleUnknownAndMalformedFieldsAreRejected
INSTRUMENTATION_STATUS_CODE: 0
INSTRUMENTATION_STATUS: class=dev.petrov.ymplayer2.SkinPackageTest
INSTRUMENTATION_STATUS: current=6
INSTRUMENTATION_STATUS: id=AndroidJUnitRunner
INSTRUMENTATION_STATUS: numtests=22
INSTRUMENTATION_STATUS: stream=
INSTRUMENTATION_STATUS: test=partialPaletteAndVectorInheritOtherRoles
INSTRUMENTATION_STATUS_CODE: 1
INSTRUMENTATION_STATUS: class=dev.petrov.ymplayer2.SkinPackageTest
INSTRUMENTATION_STATUS: current=6
INSTRUMENTATION_STATUS: id=AndroidJUnitRunner
INSTRUMENTATION_STATUS: numtests=22
INSTRUMENTATION_STATUS: stream=.
INSTRUMENTATION_STATUS: test=partialPaletteAndVectorInheritOtherRoles
INSTRUMENTATION_STATUS_CODE: 0
INSTRUMENTATION_STATUS: class=dev.petrov.ymplayer2.SkinUiTest
INSTRUMENTATION_STATUS: current=7
INSTRUMENTATION_STATUS: id=AndroidJUnitRunner
INSTRUMENTATION_STATUS: numtests=22
INSTRUMENTATION_STATUS: stream=
dev.petrov.ymplayer2.SkinUiTest:
INSTRUMENTATION_STATUS: test=previewLightCancelApplyAndRestoreUseSeparateActions
INSTRUMENTATION_STATUS_CODE: 1
INSTRUMENTATION_STATUS: class=dev.petrov.ymplayer2.SkinUiTest
INSTRUMENTATION_STATUS: current=7
INSTRUMENTATION_STATUS: id=AndroidJUnitRunner
INSTRUMENTATION_STATUS: numtests=22
INSTRUMENTATION_STATUS: stream=.
INSTRUMENTATION_STATUS: test=previewLightCancelApplyAndRestoreUseSeparateActions
INSTRUMENTATION_STATUS_CODE: 0
INSTRUMENTATION_STATUS: class=dev.petrov.ymplayer2.SkinPlaybackTest
INSTRUMENTATION_STATUS: current=8
INSTRUMENTATION_STATUS: id=AndroidJUnitRunner
INSTRUMENTATION_STATUS: numtests=22
INSTRUMENTATION_STATUS: stream=
dev.petrov.ymplayer2.SkinPlaybackTest:
INSTRUMENTATION_STATUS: test=changedPaletteAndVectorKeepAudioAndFallbackControlsWorking
INSTRUMENTATION_STATUS_CODE: 1
INSTRUMENTATION_STATUS: class=dev.petrov.ymplayer2.SkinPlaybackTest
INSTRUMENTATION_STATUS: current=8
INSTRUMENTATION_STATUS: id=AndroidJUnitRunner
INSTRUMENTATION_STATUS: numtests=22
INSTRUMENTATION_STATUS: stream=.
INSTRUMENTATION_STATUS: test=changedPaletteAndVectorKeepAudioAndFallbackControlsWorking
INSTRUMENTATION_STATUS_CODE: 0
INSTRUMENTATION_STATUS: class=dev.petrov.ymplayer2.ClipTransportPlaybackTest
INSTRUMENTATION_STATUS: current=9
INSTRUMENTATION_STATUS: id=AndroidJUnitRunner
INSTRUMENTATION_STATUS: numtests=22
INSTRUMENTATION_STATUS: stream=
dev.petrov.ymplayer2.ClipTransportPlaybackTest:
INSTRUMENTATION_STATUS: test=dashPreloadsSamplesThenPlaysAcrossSegmentBoundary
INSTRUMENTATION_STATUS_CODE: 1
INSTRUMENTATION_STATUS: class=dev.petrov.ymplayer2.ClipTransportPlaybackTest
INSTRUMENTATION_STATUS: current=9
INSTRUMENTATION_STATUS: id=AndroidJUnitRunner
INSTRUMENTATION_STATUS: numtests=22
INSTRUMENTATION_STATUS: stream=.
INSTRUMENTATION_STATUS: test=dashPreloadsSamplesThenPlaysAcrossSegmentBoundary
INSTRUMENTATION_STATUS_CODE: 0
INSTRUMENTATION_STATUS: class=dev.petrov.ymplayer2.ClipTransportPlaybackTest
INSTRUMENTATION_STATUS: current=10
INSTRUMENTATION_STATUS: id=AndroidJUnitRunner
INSTRUMENTATION_STATUS: numtests=22
INSTRUMENTATION_STATUS: stream=
INSTRUMENTATION_STATUS: test=hlsPreloadsSamplesThenPlaysAcrossSegmentBoundary
INSTRUMENTATION_STATUS_CODE: 1
INSTRUMENTATION_STATUS: class=dev.petrov.ymplayer2.ClipTransportPlaybackTest
INSTRUMENTATION_STATUS: current=10
INSTRUMENTATION_STATUS: id=AndroidJUnitRunner
INSTRUMENTATION_STATUS: numtests=22
INSTRUMENTATION_STATUS: stream=.
INSTRUMENTATION_STATUS: test=hlsPreloadsSamplesThenPlaysAcrossSegmentBoundary
INSTRUMENTATION_STATUS_CODE: 0
INSTRUMENTATION_STATUS: class=dev.petrov.ymplayer2.ClipControlsTest
INSTRUMENTATION_STATUS: current=11
INSTRUMENTATION_STATUS: id=AndroidJUnitRunner
INSTRUMENTATION_STATUS: numtests=22
INSTRUMENTATION_STATUS: stream=
dev.petrov.ymplayer2.ClipControlsTest:
INSTRUMENTATION_STATUS: test=infoContainsNextTitleAndArtist
INSTRUMENTATION_STATUS_CODE: 1
INSTRUMENTATION_STATUS: class=dev.petrov.ymplayer2.ClipControlsTest
INSTRUMENTATION_STATUS: current=11
INSTRUMENTATION_STATUS: id=AndroidJUnitRunner
INSTRUMENTATION_STATUS: numtests=22
INSTRUMENTATION_STATUS: stream=.
INSTRUMENTATION_STATUS: test=infoContainsNextTitleAndArtist
INSTRUMENTATION_STATUS_CODE: 0
INSTRUMENTATION_STATUS: class=dev.petrov.ymplayer2.ClipControlsTest
INSTRUMENTATION_STATUS: current=12
INSTRUMENTATION_STATUS: id=AndroidJUnitRunner
INSTRUMENTATION_STATUS: numtests=22
INSTRUMENTATION_STATUS: stream=
INSTRUMENTATION_STATUS: test=diagonalInfoAndButtonsFitLandscape
INSTRUMENTATION_STATUS_CODE: 1
INSTRUMENTATION_STATUS: class=dev.petrov.ymplayer2.ClipControlsTest
INSTRUMENTATION_STATUS: current=12
INSTRUMENTATION_STATUS: id=AndroidJUnitRunner
INSTRUMENTATION_STATUS: numtests=22
INSTRUMENTATION_STATUS: stream=.
INSTRUMENTATION_STATUS: test=diagonalInfoAndButtonsFitLandscape
INSTRUMENTATION_STATUS_CODE: 0
INSTRUMENTATION_STATUS: class=dev.petrov.ymplayer2.ClipRotationTest
INSTRUMENTATION_STATUS: current=13
INSTRUMENTATION_STATUS: id=AndroidJUnitRunner
INSTRUMENTATION_STATUS: numtests=22
INSTRUMENTATION_STATUS: stream=
dev.petrov.ymplayer2.ClipRotationTest:
INSTRUMENTATION_STATUS: test=turningTheScreenKeepsTheVideoSession
INSTRUMENTATION_STATUS_CODE: 1
INSTRUMENTATION_STATUS: class=dev.petrov.ymplayer2.ClipRotationTest
INSTRUMENTATION_STATUS: current=13
INSTRUMENTATION_STATUS: id=AndroidJUnitRunner
INSTRUMENTATION_STATUS: numtests=22
INSTRUMENTATION_STATUS: stream=.
INSTRUMENTATION_STATUS: test=turningTheScreenKeepsTheVideoSession
INSTRUMENTATION_STATUS_CODE: 0
INSTRUMENTATION_STATUS: class=dev.petrov.ymplayer2.ProfileRestoreTest
INSTRUMENTATION_STATUS: current=14
INSTRUMENTATION_STATUS: id=AndroidJUnitRunner
INSTRUMENTATION_STATUS: numtests=22
INSTRUMENTATION_STATUS: stream=
dev.petrov.ymplayer2.ProfileRestoreTest:
INSTRUMENTATION_STATUS: test=detachDuringProfileReadPreservesIncomingCheckpointForNextProcess
INSTRUMENTATION_STATUS_CODE: 1
INSTRUMENTATION_STATUS: class=dev.petrov.ymplayer2.ProfileRestoreTest
INSTRUMENTATION_STATUS: current=14
INSTRUMENTATION_STATUS: id=AndroidJUnitRunner
INSTRUMENTATION_STATUS: numtests=22
INSTRUMENTATION_STATUS: stream=.
INSTRUMENTATION_STATUS: test=detachDuringProfileReadPreservesIncomingCheckpointForNextProcess
INSTRUMENTATION_STATUS_CODE: 0
INSTRUMENTATION_STATUS: class=dev.petrov.ymplayer2.ProfileRestoreTest
INSTRUMENTATION_STATUS: current=15
INSTRUMENTATION_STATUS: id=AndroidJUnitRunner
INSTRUMENTATION_STATUS: numtests=22
INSTRUMENTATION_STATUS: stream=
INSTRUMENTATION_STATUS: test=slowProfileReadNeverPublishesOutgoingTrackIntoIncomingProfile
INSTRUMENTATION_STATUS_CODE: 1
INSTRUMENTATION_STATUS: class=dev.petrov.ymplayer2.ProfileRestoreTest
INSTRUMENTATION_STATUS: current=15
INSTRUMENTATION_STATUS: id=AndroidJUnitRunner
INSTRUMENTATION_STATUS: numtests=22
INSTRUMENTATION_STATUS: stream=.
INSTRUMENTATION_STATUS: test=slowProfileReadNeverPublishesOutgoingTrackIntoIncomingProfile
INSTRUMENTATION_STATUS_CODE: 0
INSTRUMENTATION_STATUS: class=dev.petrov.ymplayer2.CatalogSourcesTest
INSTRUMENTATION_STATUS: current=16
INSTRUMENTATION_STATUS: id=AndroidJUnitRunner
INSTRUMENTATION_STATUS: numtests=22
INSTRUMENTATION_STATUS: stream=
dev.petrov.ymplayer2.CatalogSourcesTest:
INSTRUMENTATION_STATUS: test=offlineFilterUsesOnlyDownloadedLikesAndStartsNoOnlineRequest
INSTRUMENTATION_STATUS_CODE: 1
INSTRUMENTATION_STATUS: class=dev.petrov.ymplayer2.CatalogSourcesTest
INSTRUMENTATION_STATUS: current=16
INSTRUMENTATION_STATUS: id=AndroidJUnitRunner
INSTRUMENTATION_STATUS: numtests=22
INSTRUMENTATION_STATUS: stream=.
INSTRUMENTATION_STATUS: test=offlineFilterUsesOnlyDownloadedLikesAndStartsNoOnlineRequest
INSTRUMENTATION_STATUS_CODE: 0
INSTRUMENTATION_STATUS: class=dev.petrov.ymplayer2.CatalogSourcesTest
INSTRUMENTATION_STATUS: current=17
INSTRUMENTATION_STATUS: id=AndroidJUnitRunner
INSTRUMENTATION_STATUS: numtests=22
INSTRUMENTATION_STATUS: stream=
INSTRUMENTATION_STATUS: test=sharedTracksLoadEachSourceOnDemandAndPlayMixedReferences
INSTRUMENTATION_STATUS_CODE: 1
INSTRUMENTATION_STATUS: class=dev.petrov.ymplayer2.CatalogSourcesTest
INSTRUMENTATION_STATUS: current=17
INSTRUMENTATION_STATUS: id=AndroidJUnitRunner
INSTRUMENTATION_STATUS: numtests=22
INSTRUMENTATION_STATUS: stream=.
INSTRUMENTATION_STATUS: test=sharedTracksLoadEachSourceOnDemandAndPlayMixedReferences
INSTRUMENTATION_STATUS_CODE: 0
INSTRUMENTATION_STATUS: class=dev.petrov.ymplayer2.CatalogSourcesTest
INSTRUMENTATION_STATUS: current=18
INSTRUMENTATION_STATUS: id=AndroidJUnitRunner
INSTRUMENTATION_STATUS: numtests=22
INSTRUMENTATION_STATUS: stream=
INSTRUMENTATION_STATUS: test=offlineSourceSearchStaysInSearchAndFiltersOnlyProfileCache
INSTRUMENTATION_STATUS_CODE: 1
INSTRUMENTATION_STATUS: class=dev.petrov.ymplayer2.CatalogSourcesTest
INSTRUMENTATION_STATUS: current=18
INSTRUMENTATION_STATUS: id=AndroidJUnitRunner
INSTRUMENTATION_STATUS: numtests=22
INSTRUMENTATION_STATUS: stream=.
INSTRUMENTATION_STATUS: test=offlineSourceSearchStaysInSearchAndFiltersOnlyProfileCache
INSTRUMENTATION_STATUS_CODE: 0
INSTRUMENTATION_STATUS: class=dev.petrov.ymplayer2.CatalogSourcesTest
INSTRUMENTATION_STATUS: current=19
INSTRUMENTATION_STATUS: id=AndroidJUnitRunner
INSTRUMENTATION_STATUS: numtests=22
INSTRUMENTATION_STATUS: stream=
INSTRUMENTATION_STATUS: test=localGenreAndUsbFolderDoNotRequestInventedRemoteSections
INSTRUMENTATION_STATUS_CODE: 1
INSTRUMENTATION_STATUS: class=dev.petrov.ymplayer2.CatalogSourcesTest
INSTRUMENTATION_STATUS: current=19
INSTRUMENTATION_STATUS: id=AndroidJUnitRunner
INSTRUMENTATION_STATUS: numtests=22
INSTRUMENTATION_STATUS: stream=.
INSTRUMENTATION_STATUS: test=localGenreAndUsbFolderDoNotRequestInventedRemoteSections
INSTRUMENTATION_STATUS_CODE: 0
INSTRUMENTATION_STATUS: class=dev.petrov.ymplayer2.CatalogSourcesTest
INSTRUMENTATION_STATUS: current=20
INSTRUMENTATION_STATUS: id=AndroidJUnitRunner
INSTRUMENTATION_STATUS: numtests=22
INSTRUMENTATION_STATUS: stream=
INSTRUMENTATION_STATUS: test=commonSearchAndOnlineFailureKeepLocalResultsUsable
INSTRUMENTATION_STATUS_CODE: 1
INSTRUMENTATION_STATUS: class=dev.petrov.ymplayer2.CatalogSourcesTest
INSTRUMENTATION_STATUS: current=20
INSTRUMENTATION_STATUS: id=AndroidJUnitRunner
INSTRUMENTATION_STATUS: numtests=22
INSTRUMENTATION_STATUS: stream=.
INSTRUMENTATION_STATUS: test=commonSearchAndOnlineFailureKeepLocalResultsUsable
INSTRUMENTATION_STATUS_CODE: 0
INSTRUMENTATION_STATUS: class=dev.petrov.ymplayer2.CatalogSourcesTest
INSTRUMENTATION_STATUS: current=21
INSTRUMENTATION_STATUS: id=AndroidJUnitRunner
INSTRUMENTATION_STATUS: numtests=22
INSTRUMENTATION_STATUS: stream=
INSTRUMENTATION_STATUS: test=tvDpadChoosesOnlineSourceAndStartsShownTrack
INSTRUMENTATION_STATUS_CODE: 1
INSTRUMENTATION_STATUS: class=dev.petrov.ymplayer2.CatalogSourcesTest
INSTRUMENTATION_STATUS: current=21
INSTRUMENTATION_STATUS: id=AndroidJUnitRunner
INSTRUMENTATION_STATUS: numtests=22
INSTRUMENTATION_STATUS: stream=.
INSTRUMENTATION_STATUS: test=tvDpadChoosesOnlineSourceAndStartsShownTrack
INSTRUMENTATION_STATUS_CODE: 0
INSTRUMENTATION_STATUS: class=dev.petrov.ymplayer2.CatalogSourcesTest
INSTRUMENTATION_STATUS: current=22
INSTRUMENTATION_STATUS: id=AndroidJUnitRunner
INSTRUMENTATION_STATUS: numtests=22
INSTRUMENTATION_STATUS: stream=
INSTRUMENTATION_STATUS: test=albumDetailsReturnToSharedCatalogAndGuestCannotSeeAccountRows
INSTRUMENTATION_STATUS_CODE: 1
INSTRUMENTATION_STATUS: class=dev.petrov.ymplayer2.CatalogSourcesTest
INSTRUMENTATION_STATUS: current=22
INSTRUMENTATION_STATUS: id=AndroidJUnitRunner
INSTRUMENTATION_STATUS: numtests=22
INSTRUMENTATION_STATUS: stream=.
INSTRUMENTATION_STATUS: test=albumDetailsReturnToSharedCatalogAndGuestCannotSeeAccountRows
INSTRUMENTATION_STATUS_CODE: 0
INSTRUMENTATION_RESULT: stream=

Time: 71.331

OK (22 tests)


INSTRUMENTATION_CODE: -1
