INSTRUMENTATION_STATUS: class=dev.petrov.ymplayer2.RadioPlaybackTest
INSTRUMENTATION_STATUS: current=1
INSTRUMENTATION_STATUS: id=AndroidJUnitRunner
INSTRUMENTATION_STATUS: numtests=11
INSTRUMENTATION_STATUS: stream=
dev.petrov.ymplayer2.RadioPlaybackTest:
INSTRUMENTATION_STATUS: test=rotationRetainsStationAndStreamAndPlayerControls
INSTRUMENTATION_STATUS_CODE: 1
INSTRUMENTATION_STATUS: class=dev.petrov.ymplayer2.RadioPlaybackTest
INSTRUMENTATION_STATUS: current=1
INSTRUMENTATION_STATUS: id=AndroidJUnitRunner
INSTRUMENTATION_STATUS: numtests=11
INSTRUMENTATION_STATUS: stream=.
INSTRUMENTATION_STATUS: test=rotationRetainsStationAndStreamAndPlayerControls
INSTRUMENTATION_STATUS_CODE: 0
INSTRUMENTATION_STATUS: class=dev.petrov.ymplayer2.RadioPlaybackTest
INSTRUMENTATION_STATUS: current=2
INSTRUMENTATION_STATUS: id=AndroidJUnitRunner
INSTRUMENTATION_STATUS: numtests=11
INSTRUMENTATION_STATUS: stream=
INSTRUMENTATION_STATUS: test=radioBorrowsEngineWithoutOverwritingMusicCheckpointAndSessionModes
INSTRUMENTATION_STATUS_CODE: 1
INSTRUMENTATION_STATUS: class=dev.petrov.ymplayer2.RadioPlaybackTest
INSTRUMENTATION_STATUS: current=2
INSTRUMENTATION_STATUS: id=AndroidJUnitRunner
INSTRUMENTATION_STATUS: numtests=11
INSTRUMENTATION_STATUS: stack=androidx.compose.ui.test.ComposeTimeoutException: Condition still not satisfied after 25000 ms
	at androidx.compose.ui.test.AndroidComposeUiTestEnvironment$AndroidComposeUiTestImpl.waitUntil(ComposeUiTest.android.kt:901)
	at androidx.compose.ui.test.junit4.AndroidComposeTestRule.waitUntil(AndroidComposeTestRule.android.kt:500)
	at dev.petrov.ymplayer2.RadioPlaybackTest.waitFor(RadioPlaybackTest.kt:18)
	at dev.petrov.ymplayer2.RadioPlaybackTest.radioBorrowsEngineWithoutOverwritingMusicCheckpointAndSessionModes(RadioPlaybackTest.kt:51)

INSTRUMENTATION_STATUS: stream=
Error in radioBorrowsEngineWithoutOverwritingMusicCheckpointAndSessionModes(dev.petrov.ymplayer2.RadioPlaybackTest):
androidx.compose.ui.test.ComposeTimeoutException: Condition still not satisfied after 25000 ms
	at androidx.compose.ui.test.AndroidComposeUiTestEnvironment$AndroidComposeUiTestImpl.waitUntil(ComposeUiTest.android.kt:901)
	at androidx.compose.ui.test.junit4.AndroidComposeTestRule.waitUntil(AndroidComposeTestRule.android.kt:500)
	at dev.petrov.ymplayer2.RadioPlaybackTest.waitFor(RadioPlaybackTest.kt:18)
	at dev.petrov.ymplayer2.RadioPlaybackTest.radioBorrowsEngineWithoutOverwritingMusicCheckpointAndSessionModes(RadioPlaybackTest.kt:51)

INSTRUMENTATION_STATUS: test=radioBorrowsEngineWithoutOverwritingMusicCheckpointAndSessionModes
INSTRUMENTATION_STATUS_CODE: -2
INSTRUMENTATION_STATUS: class=dev.petrov.ymplayer2.RadioPlaybackTest
INSTRUMENTATION_STATUS: current=3
INSTRUMENTATION_STATUS: id=AndroidJUnitRunner
INSTRUMENTATION_STATUS: numtests=11
INSTRUMENTATION_STATUS: stream=
INSTRUMENTATION_STATUS: test=stopAndProfileChangeCancelPendingStreamAndReconnect
INSTRUMENTATION_STATUS_CODE: 1
INSTRUMENTATION_STATUS: class=dev.petrov.ymplayer2.RadioPlaybackTest
INSTRUMENTATION_STATUS: current=3
INSTRUMENTATION_STATUS: id=AndroidJUnitRunner
INSTRUMENTATION_STATUS: numtests=11
INSTRUMENTATION_STATUS: stream=.
INSTRUMENTATION_STATUS: test=stopAndProfileChangeCancelPendingStreamAndReconnect
INSTRUMENTATION_STATUS_CODE: 0
INSTRUMENTATION_STATUS: class=dev.petrov.ymplayer2.RadioPlaybackTest
INSTRUMENTATION_STATUS: current=4
INSTRUMENTATION_STATUS: id=AndroidJUnitRunner
INSTRUMENTATION_STATUS: numtests=11
INSTRUMENTATION_STATUS: stream=
INSTRUMENTATION_STATUS: test=tabsGlobalSearchAndStationCollectionAreUsable
INSTRUMENTATION_STATUS_CODE: 1
INSTRUMENTATION_STATUS: class=dev.petrov.ymplayer2.RadioPlaybackTest
INSTRUMENTATION_STATUS: current=4
INSTRUMENTATION_STATUS: id=AndroidJUnitRunner
INSTRUMENTATION_STATUS: numtests=11
INSTRUMENTATION_STATUS: stream=.
INSTRUMENTATION_STATUS: test=tabsGlobalSearchAndStationCollectionAreUsable
INSTRUMENTATION_STATUS_CODE: 0
INSTRUMENTATION_STATUS: class=dev.petrov.ymplayer2.RadioPlaybackTest
INSTRUMENTATION_STATUS: current=5
INSTRUMENTATION_STATUS: id=AndroidJUnitRunner
INSTRUMENTATION_STATUS: numtests=11
INSTRUMENTATION_STATUS: stream=
INSTRUMENTATION_STATUS: test=recoverableFailureResolvesFreshStreamAndUpdatesOnAir
INSTRUMENTATION_STATUS_CODE: 1
INSTRUMENTATION_STATUS: class=dev.petrov.ymplayer2.RadioPlaybackTest
INSTRUMENTATION_STATUS: current=5
INSTRUMENTATION_STATUS: id=AndroidJUnitRunner
INSTRUMENTATION_STATUS: numtests=11
INSTRUMENTATION_STATUS: stream=.
INSTRUMENTATION_STATUS: test=recoverableFailureResolvesFreshStreamAndUpdatesOnAir
INSTRUMENTATION_STATUS_CODE: 0
INSTRUMENTATION_STATUS: class=dev.petrov.ymplayer2.RadioProtocolTest
INSTRUMENTATION_STATUS: current=6
INSTRUMENTATION_STATUS: id=AndroidJUnitRunner
INSTRUMENTATION_STATUS: numtests=11
INSTRUMENTATION_STATUS: stream=
dev.petrov.ymplayer2.RadioProtocolTest:
INSTRUMENTATION_STATUS: test=publicCatalogCitiesGenreSearchStreamAndWidgetsUseActualApi
INSTRUMENTATION_STATUS_CODE: 1
INSTRUMENTATION_STATUS: class=dev.petrov.ymplayer2.RadioProtocolTest
INSTRUMENTATION_STATUS: current=6
INSTRUMENTATION_STATUS: id=AndroidJUnitRunner
INSTRUMENTATION_STATUS: numtests=11
INSTRUMENTATION_STATUS: stream=.
INSTRUMENTATION_STATUS: test=publicCatalogCitiesGenreSearchStreamAndWidgetsUseActualApi
INSTRUMENTATION_STATUS_CODE: 0
INSTRUMENTATION_STATUS: class=dev.petrov.ymplayer2.RadioProtocolTest
INSTRUMENTATION_STATUS: current=7
INSTRUMENTATION_STATUS: id=AndroidJUnitRunner
INSTRUMENTATION_STATUS: numtests=11
INSTRUMENTATION_STATUS: stream=
INSTRUMENTATION_STATUS: test=transportRejectsInvalidOauthAndUnsafeMediaUrls
INSTRUMENTATION_STATUS_CODE: 1
INSTRUMENTATION_STATUS: class=dev.petrov.ymplayer2.RadioProtocolTest
INSTRUMENTATION_STATUS: current=7
INSTRUMENTATION_STATUS: id=AndroidJUnitRunner
INSTRUMENTATION_STATUS: numtests=11
INSTRUMENTATION_STATUS: stream=.
INSTRUMENTATION_STATUS: test=transportRejectsInvalidOauthAndUnsafeMediaUrls
INSTRUMENTATION_STATUS_CODE: 0
INSTRUMENTATION_STATUS: class=dev.petrov.ymplayer2.RadioProtocolTest
INSTRUMENTATION_STATUS: current=8
INSTRUMENTATION_STATUS: id=AndroidJUnitRunner
INSTRUMENTATION_STATUS: numtests=11
INSTRUMENTATION_STATUS: stream=
INSTRUMENTATION_STATUS: test=stationCollectionPostsUseExistingSessionAndExpectedPayloadOnly
INSTRUMENTATION_STATUS_CODE: 1
INSTRUMENTATION_STATUS: class=dev.petrov.ymplayer2.RadioProtocolTest
INSTRUMENTATION_STATUS: current=8
INSTRUMENTATION_STATUS: id=AndroidJUnitRunner
INSTRUMENTATION_STATUS: numtests=11
INSTRUMENTATION_STATUS: stack=java.lang.AssertionError: Signed-out writes must be blocked
	at org.junit.Assert.fail(Assert.java:89)
	at dev.petrov.ymplayer2.RadioProtocolTest$stationCollectionPostsUseExistingSessionAndExpectedPayloadOnly$1.invokeSuspend(RadioProtocolTest.kt:64)
	at kotlin.coroutines.jvm.internal.BaseContinuationImpl.resumeWith(ContinuationImpl.kt:34)
	at kotlinx.coroutines.DispatchedTask.run(DispatchedTask.kt:100)
	at kotlinx.coroutines.EventLoopImplBase.processNextEvent(EventLoop.common.kt:263)
	at kotlinx.coroutines.BlockingCoroutine.joinBlocking(Builders.kt:94)
	at kotlinx.coroutines.BuildersKt__BuildersKt.runBlocking(Builders.kt:70)
	at kotlinx.coroutines.BuildersKt.runBlocking(Unknown Source:1)
	at kotlinx.coroutines.BuildersKt__BuildersKt.runBlocking$default(Builders.kt:48)
	at kotlinx.coroutines.BuildersKt.runBlocking$default(Unknown Source:1)
	at dev.petrov.ymplayer2.RadioProtocolTest.stationCollectionPostsUseExistingSessionAndExpectedPayloadOnly(RadioProtocolTest.kt:44)

INSTRUMENTATION_STATUS: stream=
Error in stationCollectionPostsUseExistingSessionAndExpectedPayloadOnly(dev.petrov.ymplayer2.RadioProtocolTest):
java.lang.AssertionError: Signed-out writes must be blocked
	at org.junit.Assert.fail(Assert.java:89)
	at dev.petrov.ymplayer2.RadioProtocolTest$stationCollectionPostsUseExistingSessionAndExpectedPayloadOnly$1.invokeSuspend(RadioProtocolTest.kt:64)
	at kotlin.coroutines.jvm.internal.BaseContinuationImpl.resumeWith(ContinuationImpl.kt:34)
	at kotlinx.coroutines.DispatchedTask.run(DispatchedTask.kt:100)
	at kotlinx.coroutines.EventLoopImplBase.processNextEvent(EventLoop.common.kt:263)
	at kotlinx.coroutines.BlockingCoroutine.joinBlocking(Builders.kt:94)
	at kotlinx.coroutines.BuildersKt__BuildersKt.runBlocking(Builders.kt:70)
	at kotlinx.coroutines.BuildersKt.runBlocking(Unknown Source:1)
	at kotlinx.coroutines.BuildersKt__BuildersKt.runBlocking$default(Builders.kt:48)
	at kotlinx.coroutines.BuildersKt.runBlocking$default(Unknown Source:1)
	at dev.petrov.ymplayer2.RadioProtocolTest.stationCollectionPostsUseExistingSessionAndExpectedPayloadOnly(RadioProtocolTest.kt:44)

INSTRUMENTATION_STATUS: test=stationCollectionPostsUseExistingSessionAndExpectedPayloadOnly
INSTRUMENTATION_STATUS_CODE: -2
INSTRUMENTATION_STATUS: class=dev.petrov.ymplayer2.RadioLivePlaybackTest
INSTRUMENTATION_STATUS: current=9
INSTRUMENTATION_STATUS: id=AndroidJUnitRunner
INSTRUMENTATION_STATUS: numtests=11
INSTRUMENTATION_STATUS: stream=
dev.petrov.ymplayer2.RadioLivePlaybackTest:
INSTRUMENTATION_STATUS: test=publicHlsStationPlaysWithSharedAudioServiceAndStopsFromScreen
INSTRUMENTATION_STATUS_CODE: 1
INSTRUMENTATION_STATUS: class=dev.petrov.ymplayer2.RadioLivePlaybackTest
INSTRUMENTATION_STATUS: current=9
INSTRUMENTATION_STATUS: id=AndroidJUnitRunner
INSTRUMENTATION_STATUS: numtests=11
INSTRUMENTATION_STATUS: stream=.
INSTRUMENTATION_STATUS: test=publicHlsStationPlaysWithSharedAudioServiceAndStopsFromScreen
INSTRUMENTATION_STATUS_CODE: 0
INSTRUMENTATION_STATUS: class=dev.petrov.ymplayer2.DiagnosticsScreenTest
INSTRUMENTATION_STATUS: current=10
INSTRUMENTATION_STATUS: id=AndroidJUnitRunner
INSTRUMENTATION_STATUS: numtests=11
INSTRUMENTATION_STATUS: stream=
dev.petrov.ymplayer2.DiagnosticsScreenTest:
INSTRUMENTATION_STATUS: test=obsoleteRadioProbeIsRemoved
INSTRUMENTATION_STATUS_CODE: 1
INSTRUMENTATION_STATUS: class=dev.petrov.ymplayer2.DiagnosticsScreenTest
INSTRUMENTATION_STATUS: current=10
INSTRUMENTATION_STATUS: id=AndroidJUnitRunner
INSTRUMENTATION_STATUS: numtests=11
INSTRUMENTATION_STATUS: stream=.
INSTRUMENTATION_STATUS: test=obsoleteRadioProbeIsRemoved
INSTRUMENTATION_STATUS_CODE: 0
INSTRUMENTATION_STATUS: class=dev.petrov.ymplayer2.DiagnosticsScreenTest
INSTRUMENTATION_STATUS: current=11
INSTRUMENTATION_STATUS: id=AndroidJUnitRunner
INSTRUMENTATION_STATUS: numtests=11
INSTRUMENTATION_STATUS: stream=
INSTRUMENTATION_STATUS: test=journalOpensFromSettingsAndBackReturnsOneLevel
INSTRUMENTATION_STATUS_CODE: 1
INSTRUMENTATION_STATUS: class=dev.petrov.ymplayer2.DiagnosticsScreenTest
INSTRUMENTATION_STATUS: current=11
INSTRUMENTATION_STATUS: id=AndroidJUnitRunner
INSTRUMENTATION_STATUS: numtests=11
INSTRUMENTATION_STATUS: stream=.
INSTRUMENTATION_STATUS: test=journalOpensFromSettingsAndBackReturnsOneLevel
INSTRUMENTATION_STATUS_CODE: 0
INSTRUMENTATION_RESULT: stream=

Time: 70.754
There were 2 failures:
1) radioBorrowsEngineWithoutOverwritingMusicCheckpointAndSessionModes(dev.petrov.ymplayer2.RadioPlaybackTest)
androidx.compose.ui.test.ComposeTimeoutException: Condition still not satisfied after 25000 ms
	at androidx.compose.ui.test.AndroidComposeUiTestEnvironment$AndroidComposeUiTestImpl.waitUntil(ComposeUiTest.android.kt:901)
	at androidx.compose.ui.test.junit4.AndroidComposeTestRule.waitUntil(AndroidComposeTestRule.android.kt:500)
	at dev.petrov.ymplayer2.RadioPlaybackTest.waitFor(RadioPlaybackTest.kt:18)
	at dev.petrov.ymplayer2.RadioPlaybackTest.radioBorrowsEngineWithoutOverwritingMusicCheckpointAndSessionModes(RadioPlaybackTest.kt:51)
2) stationCollectionPostsUseExistingSessionAndExpectedPayloadOnly(dev.petrov.ymplayer2.RadioProtocolTest)
java.lang.AssertionError: Signed-out writes must be blocked
	at org.junit.Assert.fail(Assert.java:89)
	at dev.petrov.ymplayer2.RadioProtocolTest$stationCollectionPostsUseExistingSessionAndExpectedPayloadOnly$1.invokeSuspend(RadioProtocolTest.kt:64)
	at kotlin.coroutines.jvm.internal.BaseContinuationImpl.resumeWith(ContinuationImpl.kt:34)
	at kotlinx.coroutines.DispatchedTask.run(DispatchedTask.kt:100)
	at kotlinx.coroutines.EventLoopImplBase.processNextEvent(EventLoop.common.kt:263)
	at kotlinx.coroutines.BlockingCoroutine.joinBlocking(Builders.kt:94)
	at kotlinx.coroutines.BuildersKt__BuildersKt.runBlocking(Builders.kt:70)
	at kotlinx.coroutines.BuildersKt.runBlocking(Unknown Source:1)
	at kotlinx.coroutines.BuildersKt__BuildersKt.runBlocking$default(Builders.kt:48)
	at kotlinx.coroutines.BuildersKt.runBlocking$default(Unknown Source:1)
	at dev.petrov.ymplayer2.RadioProtocolTest.stationCollectionPostsUseExistingSessionAndExpectedPayloadOnly(RadioProtocolTest.kt:44)

FAILURES!!!
Tests run: 11,  Failures: 2


INSTRUMENTATION_CODE: -1
