INSTRUMENTATION_STATUS: class=dev.petrov.ymplayer2.MyWavePlaybackTest
INSTRUMENTATION_STATUS: current=1
INSTRUMENTATION_STATUS: id=AndroidJUnitRunner
INSTRUMENTATION_STATUS: numtests=13
INSTRUMENTATION_STATUS: stream=
dev.petrov.ymplayer2.MyWavePlaybackTest:
INSTRUMENTATION_STATUS: test=fastStartPrefetchAutomaticContinuationAndPausedRestore
INSTRUMENTATION_STATUS_CODE: 1
INSTRUMENTATION_STATUS: class=dev.petrov.ymplayer2.MyWavePlaybackTest
INSTRUMENTATION_STATUS: current=1
INSTRUMENTATION_STATUS: id=AndroidJUnitRunner
INSTRUMENTATION_STATUS: numtests=13
INSTRUMENTATION_STATUS: stream=.
INSTRUMENTATION_STATUS: test=fastStartPrefetchAutomaticContinuationAndPausedRestore
INSTRUMENTATION_STATUS_CODE: 0
INSTRUMENTATION_STATUS: class=dev.petrov.ymplayer2.MyWavePlaybackTest
INSTRUMENTATION_STATUS: current=2
INSTRUMENTATION_STATUS: id=AndroidJUnitRunner
INSTRUMENTATION_STATUS: numtests=13
INSTRUMENTATION_STATUS: stream=
INSTRUMENTATION_STATUS: test=transientThirdTrackRequestDoesNotEndWaveAfterSecondTrack
INSTRUMENTATION_STATUS_CODE: 1
INSTRUMENTATION_STATUS: class=dev.petrov.ymplayer2.MyWavePlaybackTest
INSTRUMENTATION_STATUS: current=2
INSTRUMENTATION_STATUS: id=AndroidJUnitRunner
INSTRUMENTATION_STATUS: numtests=13
INSTRUMENTATION_STATUS: stream=.
INSTRUMENTATION_STATUS: test=transientThirdTrackRequestDoesNotEndWaveAfterSecondTrack
INSTRUMENTATION_STATUS_CODE: 0
INSTRUMENTATION_STATUS: class=dev.petrov.ymplayer2.AudioQualityPlaybackTest
INSTRUMENTATION_STATUS: current=3
INSTRUMENTATION_STATUS: id=AndroidJUnitRunner
INSTRUMENTATION_STATUS: numtests=13
INSTRUMENTATION_STATUS: stream=
dev.petrov.ymplayer2.AudioQualityPlaybackTest:
INSTRUMENTATION_STATUS: test=offlineQualityIsIndependentAndHealthyFilesAreKeptUntilExplicitRemoval
INSTRUMENTATION_STATUS_CODE: 1
INSTRUMENTATION_STATUS: class=dev.petrov.ymplayer2.AudioQualityPlaybackTest
INSTRUMENTATION_STATUS: current=3
INSTRUMENTATION_STATUS: id=AndroidJUnitRunner
INSTRUMENTATION_STATUS: numtests=13
INSTRUMENTATION_STATUS: stream=.
INSTRUMENTATION_STATUS: test=offlineQualityIsIndependentAndHealthyFilesAreKeptUntilExplicitRemoval
INSTRUMENTATION_STATUS_CODE: 0
INSTRUMENTATION_STATUS: class=dev.petrov.ymplayer2.AudioQualityPlaybackTest
INSTRUMENTATION_STATUS: current=4
INSTRUMENTATION_STATUS: id=AndroidJUnitRunner
INSTRUMENTATION_STATUS: numtests=13
INSTRUMENTATION_STATUS: stream=
INSTRUMENTATION_STATUS: test=waveKeepsAlreadyPreparedAudioAndUsesStreamQualityForFutureFiles
INSTRUMENTATION_STATUS_CODE: 1
INSTRUMENTATION_STATUS: class=dev.petrov.ymplayer2.AudioQualityPlaybackTest
INSTRUMENTATION_STATUS: current=4
INSTRUMENTATION_STATUS: id=AndroidJUnitRunner
INSTRUMENTATION_STATUS: numtests=13
INSTRUMENTATION_STATUS: stream=.
INSTRUMENTATION_STATUS: test=waveKeepsAlreadyPreparedAudioAndUsesStreamQualityForFutureFiles
INSTRUMENTATION_STATUS_CODE: 0
INSTRUMENTATION_STATUS: class=dev.petrov.ymplayer2.AudioQualityPlaybackTest
INSTRUMENTATION_STATUS: current=5
INSTRUMENTATION_STATUS: id=AndroidJUnitRunner
INSTRUMENTATION_STATUS: numtests=13
INSTRUMENTATION_STATUS: stream=
INSTRUMENTATION_STATUS: test=settingsPersistBothChoicesAndLeavePlayingAudioAlone
INSTRUMENTATION_STATUS_CODE: 1
INSTRUMENTATION_STATUS: class=dev.petrov.ymplayer2.AudioQualityPlaybackTest
INSTRUMENTATION_STATUS: current=5
INSTRUMENTATION_STATUS: id=AndroidJUnitRunner
INSTRUMENTATION_STATUS: numtests=13
INSTRUMENTATION_STATUS: stream=.
INSTRUMENTATION_STATUS: test=settingsPersistBothChoicesAndLeavePlayingAudioAlone
INSTRUMENTATION_STATUS_CODE: 0
INSTRUMENTATION_STATUS: class=dev.petrov.ymplayer2.AudioQualityPlaybackTest
INSTRUMENTATION_STATUS: current=6
INSTRUMENTATION_STATUS: id=AndroidJUnitRunner
INSTRUMENTATION_STATUS: numtests=13
INSTRUMENTATION_STATUS: stream=
INSTRUMENTATION_STATUS: test=onlineRequestCapturesSelectedQualityAndNextRequestUsesNewChoice
INSTRUMENTATION_STATUS_CODE: 1
INSTRUMENTATION_STATUS: class=dev.petrov.ymplayer2.AudioQualityPlaybackTest
INSTRUMENTATION_STATUS: current=6
INSTRUMENTATION_STATUS: id=AndroidJUnitRunner
INSTRUMENTATION_STATUS: numtests=13
INSTRUMENTATION_STATUS: stream=.
INSTRUMENTATION_STATUS: test=onlineRequestCapturesSelectedQualityAndNextRequestUsesNewChoice
INSTRUMENTATION_STATUS_CODE: 0
INSTRUMENTATION_STATUS: class=dev.petrov.ymplayer2.ClipTransportPlaybackTest
INSTRUMENTATION_STATUS: current=7
INSTRUMENTATION_STATUS: id=AndroidJUnitRunner
INSTRUMENTATION_STATUS: numtests=13
INSTRUMENTATION_STATUS: stream=
dev.petrov.ymplayer2.ClipTransportPlaybackTest:
INSTRUMENTATION_STATUS: test=dashPreloadsSamplesThenPlaysAcrossSegmentBoundary
INSTRUMENTATION_STATUS_CODE: 1
INSTRUMENTATION_STATUS: class=dev.petrov.ymplayer2.ClipTransportPlaybackTest
INSTRUMENTATION_STATUS: current=7
INSTRUMENTATION_STATUS: id=AndroidJUnitRunner
INSTRUMENTATION_STATUS: numtests=13
INSTRUMENTATION_STATUS: stream=.
INSTRUMENTATION_STATUS: test=dashPreloadsSamplesThenPlaysAcrossSegmentBoundary
INSTRUMENTATION_STATUS_CODE: 0
INSTRUMENTATION_STATUS: class=dev.petrov.ymplayer2.ClipTransportPlaybackTest
INSTRUMENTATION_STATUS: current=8
INSTRUMENTATION_STATUS: id=AndroidJUnitRunner
INSTRUMENTATION_STATUS: numtests=13
INSTRUMENTATION_STATUS: stream=
INSTRUMENTATION_STATUS: test=hlsPreloadsSamplesThenPlaysAcrossSegmentBoundary
INSTRUMENTATION_STATUS_CODE: 1
INSTRUMENTATION_STATUS: class=dev.petrov.ymplayer2.ClipTransportPlaybackTest
INSTRUMENTATION_STATUS: current=8
INSTRUMENTATION_STATUS: id=AndroidJUnitRunner
INSTRUMENTATION_STATUS: numtests=13
INSTRUMENTATION_STATUS: stream=.
INSTRUMENTATION_STATUS: test=hlsPreloadsSamplesThenPlaysAcrossSegmentBoundary
INSTRUMENTATION_STATUS_CODE: 0
INSTRUMENTATION_STATUS: class=dev.petrov.ymplayer2.CollectionsPlaybackTest
INSTRUMENTATION_STATUS: current=9
INSTRUMENTATION_STATUS: id=AndroidJUnitRunner
INSTRUMENTATION_STATUS: numtests=13
INSTRUMENTATION_STATUS: stream=
dev.petrov.ymplayer2.CollectionsPlaybackTest:
INSTRUMENTATION_STATUS: test=nativeUiCreatesEditsAndPlaysOnlyTheChosenPlaylist
INSTRUMENTATION_STATUS_CODE: 1
INSTRUMENTATION_STATUS: class=dev.petrov.ymplayer2.CollectionsPlaybackTest
INSTRUMENTATION_STATUS: current=9
INSTRUMENTATION_STATUS: id=AndroidJUnitRunner
INSTRUMENTATION_STATUS: numtests=13
INSTRUMENTATION_STATUS: stream=.
INSTRUMENTATION_STATUS: test=nativeUiCreatesEditsAndPlaysOnlyTheChosenPlaylist
INSTRUMENTATION_STATUS_CODE: 0
INSTRUMENTATION_STATUS: class=dev.petrov.ymplayer2.LocalPlaybackTest
INSTRUMENTATION_STATUS: current=10
INSTRUMENTATION_STATUS: id=AndroidJUnitRunner
INSTRUMENTATION_STATUS: numtests=13
INSTRUMENTATION_STATUS: stream=
dev.petrov.ymplayer2.LocalPlaybackTest:
INSTRUMENTATION_STATUS: test=profileCheckpointsAndServiceRestartStayPaused
INSTRUMENTATION_STATUS_CODE: 1
INSTRUMENTATION_STATUS: class=dev.petrov.ymplayer2.LocalPlaybackTest
INSTRUMENTATION_STATUS: current=10
INSTRUMENTATION_STATUS: id=AndroidJUnitRunner
INSTRUMENTATION_STATUS: numtests=13
INSTRUMENTATION_STATUS: stream=.
INSTRUMENTATION_STATUS: test=profileCheckpointsAndServiceRestartStayPaused
INSTRUMENTATION_STATUS_CODE: 0
INSTRUMENTATION_STATUS: class=dev.petrov.ymplayer2.NavigationTest
INSTRUMENTATION_STATUS: current=11
INSTRUMENTATION_STATUS: id=AndroidJUnitRunner
INSTRUMENTATION_STATUS: numtests=13
INSTRUMENTATION_STATUS: stream=
dev.petrov.ymplayer2.NavigationTest:
INSTRUMENTATION_STATUS: test=exitPromptExpiresAndNavigationRecreationAndBackgroundResetIt
INSTRUMENTATION_STATUS_CODE: 1
INSTRUMENTATION_STATUS: class=dev.petrov.ymplayer2.NavigationTest
INSTRUMENTATION_STATUS: current=11
INSTRUMENTATION_STATUS: id=AndroidJUnitRunner
INSTRUMENTATION_STATUS: numtests=13
INSTRUMENTATION_STATUS: stream=.
INSTRUMENTATION_STATUS: test=exitPromptExpiresAndNavigationRecreationAndBackgroundResetIt
INSTRUMENTATION_STATUS_CODE: 0
INSTRUMENTATION_STATUS: class=dev.petrov.ymplayer2.NavigationTest
INSTRUMENTATION_STATUS: current=12
INSTRUMENTATION_STATUS: id=AndroidJUnitRunner
INSTRUMENTATION_STATUS: numtests=13
INSTRUMENTATION_STATUS: stream=
INSTRUMENTATION_STATUS: test=twoRootBackPressesFinishTheActivity
INSTRUMENTATION_STATUS_CODE: 1
INSTRUMENTATION_STATUS: class=dev.petrov.ymplayer2.NavigationTest
INSTRUMENTATION_STATUS: current=12
INSTRUMENTATION_STATUS: id=AndroidJUnitRunner
INSTRUMENTATION_STATUS: numtests=13
INSTRUMENTATION_STATUS: stream=.
INSTRUMENTATION_STATUS: test=twoRootBackPressesFinishTheActivity
INSTRUMENTATION_STATUS_CODE: 0
INSTRUMENTATION_STATUS: class=dev.petrov.ymplayer2.NavigationTest
INSTRUMENTATION_STATUS: current=13
INSTRUMENTATION_STATUS: id=AndroidJUnitRunner
INSTRUMENTATION_STATUS: numtests=13
INSTRUMENTATION_STATUS: stream=
INSTRUMENTATION_STATUS: test=upUsesHierarchyAndToolbarHonorsCatalogDetail
INSTRUMENTATION_STATUS_CODE: 1
INSTRUMENTATION_STATUS: class=dev.petrov.ymplayer2.NavigationTest
INSTRUMENTATION_STATUS: current=13
INSTRUMENTATION_STATUS: id=AndroidJUnitRunner
INSTRUMENTATION_STATUS: numtests=13
INSTRUMENTATION_STATUS: stream=.
INSTRUMENTATION_STATUS: test=upUsesHierarchyAndToolbarHonorsCatalogDetail
INSTRUMENTATION_STATUS_CODE: 0
INSTRUMENTATION_RESULT: stream=

Time: 103.655

OK (13 tests)


INSTRUMENTATION_CODE: -1
