INSTRUMENTATION_STATUS: class=dev.petrov.ymplayer2.RadioPlaybackTest
INSTRUMENTATION_STATUS: current=1
INSTRUMENTATION_STATUS: id=AndroidJUnitRunner
INSTRUMENTATION_STATUS: numtests=12
INSTRUMENTATION_STATUS: stream=
dev.petrov.ymplayer2.RadioPlaybackTest:
INSTRUMENTATION_STATUS: test=rotationRetainsStationAndStreamAndPlayerControls
INSTRUMENTATION_STATUS_CODE: 1
INSTRUMENTATION_STATUS: class=dev.petrov.ymplayer2.RadioPlaybackTest
INSTRUMENTATION_STATUS: current=1
INSTRUMENTATION_STATUS: id=AndroidJUnitRunner
INSTRUMENTATION_STATUS: numtests=12
INSTRUMENTATION_STATUS: stream=.
INSTRUMENTATION_STATUS: test=rotationRetainsStationAndStreamAndPlayerControls
INSTRUMENTATION_STATUS_CODE: 0
INSTRUMENTATION_STATUS: class=dev.petrov.ymplayer2.RadioPlaybackTest
INSTRUMENTATION_STATUS: current=2
INSTRUMENTATION_STATUS: id=AndroidJUnitRunner
INSTRUMENTATION_STATUS: numtests=12
INSTRUMENTATION_STATUS: stream=
INSTRUMENTATION_STATUS: test=radioBorrowsEngineWithoutOverwritingMusicCheckpointAndSessionModes
INSTRUMENTATION_STATUS_CODE: 1
INSTRUMENTATION_STATUS: class=dev.petrov.ymplayer2.RadioPlaybackTest
INSTRUMENTATION_STATUS: current=2
INSTRUMENTATION_STATUS: id=AndroidJUnitRunner
INSTRUMENTATION_STATUS: numtests=12
INSTRUMENTATION_STATUS: stream=.
INSTRUMENTATION_STATUS: test=radioBorrowsEngineWithoutOverwritingMusicCheckpointAndSessionModes
INSTRUMENTATION_STATUS_CODE: 0
INSTRUMENTATION_STATUS: class=dev.petrov.ymplayer2.RadioPlaybackTest
INSTRUMENTATION_STATUS: current=3
INSTRUMENTATION_STATUS: id=AndroidJUnitRunner
INSTRUMENTATION_STATUS: numtests=12
INSTRUMENTATION_STATUS: stream=
INSTRUMENTATION_STATUS: test=stopAndProfileChangeCancelPendingStreamAndReconnect
INSTRUMENTATION_STATUS_CODE: 1
INSTRUMENTATION_STATUS: class=dev.petrov.ymplayer2.RadioPlaybackTest
INSTRUMENTATION_STATUS: current=3
INSTRUMENTATION_STATUS: id=AndroidJUnitRunner
INSTRUMENTATION_STATUS: numtests=12
INSTRUMENTATION_STATUS: stream=.
INSTRUMENTATION_STATUS: test=stopAndProfileChangeCancelPendingStreamAndReconnect
INSTRUMENTATION_STATUS_CODE: 0
INSTRUMENTATION_STATUS: class=dev.petrov.ymplayer2.RadioPlaybackTest
INSTRUMENTATION_STATUS: current=4
INSTRUMENTATION_STATUS: id=AndroidJUnitRunner
INSTRUMENTATION_STATUS: numtests=12
INSTRUMENTATION_STATUS: stream=
INSTRUMENTATION_STATUS: test=remoteFocusVisitsSelectedTabAndStationAndControls
INSTRUMENTATION_STATUS_CODE: 1
INSTRUMENTATION_STATUS: class=dev.petrov.ymplayer2.RadioPlaybackTest
INSTRUMENTATION_STATUS: current=4
INSTRUMENTATION_STATUS: id=AndroidJUnitRunner
INSTRUMENTATION_STATUS: numtests=12
INSTRUMENTATION_STATUS: stack=java.lang.AssertionError: Failed to assert the following: (Focused = 'true')
Semantics of the node:
Node #992 at (l=42.0, t=238.0, r=282.0, b=353.0)px, Tag: 'radio_tab_COLLECTION'
Focused = 'false'
Selected = 'true'
Shape = 'RoundedCornerShape(topStart = CornerSize(size = 12.0.dp), topEnd = CornerSize(size = 12.0.dp), bottomEnd = CornerSize(size = 12.0.dp), bottomStart = CornerSize(size = 12.0.dp))'
Text = '[Коллекция]'
Actions = [ClearTextSubstitution, GetTextLayoutResult, OnClick, RequestFocus, SetTextSubstitution, ShowTextSubstitution]
MergeDescendants = 'true'
Has 6 siblings
Selector used: (TestTag = 'radio_tab_COLLECTION')

	at androidx.compose.ui.test.AssertionsKt.assert(Assertions.kt:293)
	at androidx.compose.ui.test.AssertionsKt.assert$default(Assertions.kt:283)
	at androidx.compose.ui.test.AssertionsKt.assertIsFocused(Assertions.kt:117)
	at dev.petrov.ymplayer2.RadioPlaybackTest.remoteFocusVisitsSelectedTabAndStationAndControls(RadioPlaybackTest.kt:116)

INSTRUMENTATION_STATUS: stream=
Error in remoteFocusVisitsSelectedTabAndStationAndControls(dev.petrov.ymplayer2.RadioPlaybackTest):
java.lang.AssertionError: Failed to assert the following: (Focused = 'true')
Semantics of the node:
Node #992 at (l=42.0, t=238.0, r=282.0, b=353.0)px, Tag: 'radio_tab_COLLECTION'
Focused = 'false'
Selected = 'true'
Shape = 'RoundedCornerShape(topStart = CornerSize(size = 12.0.dp), topEnd = CornerSize(size = 12.0.dp), bottomEnd = CornerSize(size = 12.0.dp), bottomStart = CornerSize(size = 12.0.dp))'
Text = '[Коллекция]'
Actions = [ClearTextSubstitution, GetTextLayoutResult, OnClick, RequestFocus, SetTextSubstitution, ShowTextSubstitution]
MergeDescendants = 'true'
Has 6 siblings
Selector used: (TestTag = 'radio_tab_COLLECTION')

	at androidx.compose.ui.test.AssertionsKt.assert(Assertions.kt:293)
	at androidx.compose.ui.test.AssertionsKt.assert$default(Assertions.kt:283)
	at androidx.compose.ui.test.AssertionsKt.assertIsFocused(Assertions.kt:117)
	at dev.petrov.ymplayer2.RadioPlaybackTest.remoteFocusVisitsSelectedTabAndStationAndControls(RadioPlaybackTest.kt:116)

INSTRUMENTATION_STATUS: test=remoteFocusVisitsSelectedTabAndStationAndControls
INSTRUMENTATION_STATUS_CODE: -2
INSTRUMENTATION_STATUS: class=dev.petrov.ymplayer2.RadioPlaybackTest
INSTRUMENTATION_STATUS: current=5
INSTRUMENTATION_STATUS: id=AndroidJUnitRunner
INSTRUMENTATION_STATUS: numtests=12
INSTRUMENTATION_STATUS: stream=
INSTRUMENTATION_STATUS: test=tabsGlobalSearchAndStationCollectionAreUsable
INSTRUMENTATION_STATUS_CODE: 1
INSTRUMENTATION_STATUS: class=dev.petrov.ymplayer2.RadioPlaybackTest
INSTRUMENTATION_STATUS: current=5
INSTRUMENTATION_STATUS: id=AndroidJUnitRunner
INSTRUMENTATION_STATUS: numtests=12
INSTRUMENTATION_STATUS: stream=.
INSTRUMENTATION_STATUS: test=tabsGlobalSearchAndStationCollectionAreUsable
INSTRUMENTATION_STATUS_CODE: 0
INSTRUMENTATION_STATUS: class=dev.petrov.ymplayer2.RadioPlaybackTest
INSTRUMENTATION_STATUS: current=6
INSTRUMENTATION_STATUS: id=AndroidJUnitRunner
INSTRUMENTATION_STATUS: numtests=12
INSTRUMENTATION_STATUS: stream=
INSTRUMENTATION_STATUS: test=recoverableFailureResolvesFreshStreamAndUpdatesOnAir
INSTRUMENTATION_STATUS_CODE: 1
INSTRUMENTATION_STATUS: class=dev.petrov.ymplayer2.RadioPlaybackTest
INSTRUMENTATION_STATUS: current=6
INSTRUMENTATION_STATUS: id=AndroidJUnitRunner
INSTRUMENTATION_STATUS: numtests=12
INSTRUMENTATION_STATUS: stream=.
INSTRUMENTATION_STATUS: test=recoverableFailureResolvesFreshStreamAndUpdatesOnAir
INSTRUMENTATION_STATUS_CODE: 0
INSTRUMENTATION_STATUS: class=dev.petrov.ymplayer2.RadioProtocolTest
INSTRUMENTATION_STATUS: current=7
INSTRUMENTATION_STATUS: id=AndroidJUnitRunner
INSTRUMENTATION_STATUS: numtests=12
INSTRUMENTATION_STATUS: stream=
dev.petrov.ymplayer2.RadioProtocolTest:
INSTRUMENTATION_STATUS: test=publicCatalogCitiesGenreSearchStreamAndWidgetsUseActualApi
INSTRUMENTATION_STATUS_CODE: 1
INSTRUMENTATION_STATUS: class=dev.petrov.ymplayer2.RadioProtocolTest
INSTRUMENTATION_STATUS: current=7
INSTRUMENTATION_STATUS: id=AndroidJUnitRunner
INSTRUMENTATION_STATUS: numtests=12
INSTRUMENTATION_STATUS: stream=.
INSTRUMENTATION_STATUS: test=publicCatalogCitiesGenreSearchStreamAndWidgetsUseActualApi
INSTRUMENTATION_STATUS_CODE: 0
INSTRUMENTATION_STATUS: class=dev.petrov.ymplayer2.RadioProtocolTest
INSTRUMENTATION_STATUS: current=8
INSTRUMENTATION_STATUS: id=AndroidJUnitRunner
INSTRUMENTATION_STATUS: numtests=12
INSTRUMENTATION_STATUS: stream=
INSTRUMENTATION_STATUS: test=transportRejectsInvalidOauthAndUnsafeMediaUrls
INSTRUMENTATION_STATUS_CODE: 1
INSTRUMENTATION_STATUS: class=dev.petrov.ymplayer2.RadioProtocolTest
INSTRUMENTATION_STATUS: current=8
INSTRUMENTATION_STATUS: id=AndroidJUnitRunner
INSTRUMENTATION_STATUS: numtests=12
INSTRUMENTATION_STATUS: stream=.
INSTRUMENTATION_STATUS: test=transportRejectsInvalidOauthAndUnsafeMediaUrls
INSTRUMENTATION_STATUS_CODE: 0
INSTRUMENTATION_STATUS: class=dev.petrov.ymplayer2.RadioProtocolTest
INSTRUMENTATION_STATUS: current=9
INSTRUMENTATION_STATUS: id=AndroidJUnitRunner
INSTRUMENTATION_STATUS: numtests=12
INSTRUMENTATION_STATUS: stream=
INSTRUMENTATION_STATUS: test=stationCollectionPostsUseExistingSessionAndExpectedPayloadOnly
INSTRUMENTATION_STATUS_CODE: 1
INSTRUMENTATION_STATUS: class=dev.petrov.ymplayer2.RadioProtocolTest
INSTRUMENTATION_STATUS: current=9
INSTRUMENTATION_STATUS: id=AndroidJUnitRunner
INSTRUMENTATION_STATUS: numtests=12
INSTRUMENTATION_STATUS: stream=.
INSTRUMENTATION_STATUS: test=stationCollectionPostsUseExistingSessionAndExpectedPayloadOnly
INSTRUMENTATION_STATUS_CODE: 0
INSTRUMENTATION_STATUS: class=dev.petrov.ymplayer2.RadioLivePlaybackTest
INSTRUMENTATION_STATUS: current=10
INSTRUMENTATION_STATUS: id=AndroidJUnitRunner
INSTRUMENTATION_STATUS: numtests=12
INSTRUMENTATION_STATUS: stream=
dev.petrov.ymplayer2.RadioLivePlaybackTest:
INSTRUMENTATION_STATUS: test=publicHlsStationPlaysWithSharedAudioServiceAndStopsFromScreen
INSTRUMENTATION_STATUS_CODE: 1
INSTRUMENTATION_STATUS: class=dev.petrov.ymplayer2.RadioLivePlaybackTest
INSTRUMENTATION_STATUS: current=10
INSTRUMENTATION_STATUS: id=AndroidJUnitRunner
INSTRUMENTATION_STATUS: numtests=12
INSTRUMENTATION_STATUS: stream=.
INSTRUMENTATION_STATUS: test=publicHlsStationPlaysWithSharedAudioServiceAndStopsFromScreen
INSTRUMENTATION_STATUS_CODE: 0
INSTRUMENTATION_STATUS: class=dev.petrov.ymplayer2.DiagnosticsScreenTest
INSTRUMENTATION_STATUS: current=11
INSTRUMENTATION_STATUS: id=AndroidJUnitRunner
INSTRUMENTATION_STATUS: numtests=12
INSTRUMENTATION_STATUS: stream=
dev.petrov.ymplayer2.DiagnosticsScreenTest:
INSTRUMENTATION_STATUS: test=obsoleteRadioProbeIsRemoved
INSTRUMENTATION_STATUS_CODE: 1
INSTRUMENTATION_STATUS: class=dev.petrov.ymplayer2.DiagnosticsScreenTest
INSTRUMENTATION_STATUS: current=11
INSTRUMENTATION_STATUS: id=AndroidJUnitRunner
INSTRUMENTATION_STATUS: numtests=12
INSTRUMENTATION_STATUS: stream=.
INSTRUMENTATION_STATUS: test=obsoleteRadioProbeIsRemoved
INSTRUMENTATION_STATUS_CODE: 0
INSTRUMENTATION_STATUS: class=dev.petrov.ymplayer2.DiagnosticsScreenTest
INSTRUMENTATION_STATUS: current=12
INSTRUMENTATION_STATUS: id=AndroidJUnitRunner
INSTRUMENTATION_STATUS: numtests=12
INSTRUMENTATION_STATUS: stream=
INSTRUMENTATION_STATUS: test=journalOpensFromSettingsAndBackReturnsOneLevel
INSTRUMENTATION_STATUS_CODE: 1
INSTRUMENTATION_STATUS: class=dev.petrov.ymplayer2.DiagnosticsScreenTest
INSTRUMENTATION_STATUS: current=12
INSTRUMENTATION_STATUS: id=AndroidJUnitRunner
INSTRUMENTATION_STATUS: numtests=12
INSTRUMENTATION_STATUS: stream=.
INSTRUMENTATION_STATUS: test=journalOpensFromSettingsAndBackReturnsOneLevel
INSTRUMENTATION_STATUS_CODE: 0
INSTRUMENTATION_RESULT: stream=

Time: 63.514
There was 1 failure:
1) remoteFocusVisitsSelectedTabAndStationAndControls(dev.petrov.ymplayer2.RadioPlaybackTest)
java.lang.AssertionError: Failed to assert the following: (Focused = 'true')
Semantics of the node:
Node #992 at (l=42.0, t=238.0, r=282.0, b=353.0)px, Tag: 'radio_tab_COLLECTION'
Focused = 'false'
Selected = 'true'
Shape = 'RoundedCornerShape(topStart = CornerSize(size = 12.0.dp), topEnd = CornerSize(size = 12.0.dp), bottomEnd = CornerSize(size = 12.0.dp), bottomStart = CornerSize(size = 12.0.dp))'
Text = '[Коллекция]'
Actions = [ClearTextSubstitution, GetTextLayoutResult, OnClick, RequestFocus, SetTextSubstitution, ShowTextSubstitution]
MergeDescendants = 'true'
Has 6 siblings
Selector used: (TestTag = 'radio_tab_COLLECTION')

	at androidx.compose.ui.test.AssertionsKt.assert(Assertions.kt:293)
	at androidx.compose.ui.test.AssertionsKt.assert$default(Assertions.kt:283)
	at androidx.compose.ui.test.AssertionsKt.assertIsFocused(Assertions.kt:117)
	at dev.petrov.ymplayer2.RadioPlaybackTest.remoteFocusVisitsSelectedTabAndStationAndControls(RadioPlaybackTest.kt:116)

FAILURES!!!
Tests run: 12,  Failures: 1


INSTRUMENTATION_CODE: -1
